I'm sorry, but errors were detected in your script. Please correct the
errors listed below, and try again.


File "game/script.rpy", line 51: invalid syntax
    default char_nom = "rine_nom.png"
                    ^
    

Ren'Py Version: Ren'Py 7.2.2.491
Thu Jun 20 17:07:46 2019
